[debug] [2026-08-01T06:39:53.891Z] ----------------------------------------------------------------------
[debug] [2026-08-01T06:39:53.893Z] Command:       /opt/homebrew/Cellar/node/26.5.0/bin/node /opt/homebrew/bin/firebase deploy --only functions:geocodeAddress
[debug] [2026-08-01T06:39:53.893Z] CLI Version:   15.24.0
[debug] [2026-08-01T06:39:53.893Z] Platform:      darwin
[debug] [2026-08-01T06:39:53.893Z] Node Version:  v26.5.0
[debug] [2026-08-01T06:39:53.893Z] Detected Agent: unknown
[debug] [2026-08-01T06:39:53.893Z] Time:          Sat Aug 01 2026 02:39:53 GMT-0400 (Eastern Daylight Time)
[debug] [2026-08-01T06:39:53.893Z] ----------------------------------------------------------------------
[debug] 
[debug] [2026-08-01T06:39:54.600Z] > command requires scopes: ["email","openid","https://www.googleapis.com/auth/cloudplatformprojects.readonly","https://www.googleapis.com/auth/firebase","https://www.googleapis.com/auth/cloud-platform"]
[debug] [2026-08-01T06:39:54.600Z] > authorizing via signed-in user (kedrovnick@gmail.com)
[debug] [2026-08-01T06:39:54.600Z] [iam] checking project silver-crown-app for permissions ["cloudfunctions.functions.create","cloudfunctions.functions.delete","cloudfunctions.functions.get","cloudfunctions.functions.list","cloudfunctions.functions.update","cloudfunctions.operations.get","firebase.projects.get"]
[debug] [2026-08-01T06:39:54.607Z] Checked if tokens are valid: true, expires at: 1785569965329
[debug] [2026-08-01T06:39:54.607Z] Checked if tokens are valid: true, expires at: 1785569965329
[debug] [2026-08-01T06:39:54.607Z] >>> [apiv2][query] POST https://cloudresourcemanager.googleapis.com/v1/projects/silver-crown-app:testIamPermissions [none]
[debug] [2026-08-01T06:39:54.607Z] >>> [apiv2][(partial)header] POST https://cloudresourcemanager.googleapis.com/v1/projects/silver-crown-app:testIamPermissions  x-goog-user-project=silver-crown-app
[debug] [2026-08-01T06:39:54.607Z] >>> [apiv2][body] POST https://cloudresourcemanager.googleapis.com/v1/projects/silver-crown-app:testIamPermissions {"permissions":["cloudfunctions.functions.create","cloudfunctions.functions.delete","cloudfunctions.functions.get","cloudfunctions.functions.list","cloudfunctions.functions.update","cloudfunctions.operations.get","firebase.projects.get"]}
[debug] [2026-08-01T06:39:55.164Z] <<< [apiv2][status] POST https://cloudresourcemanager.googleapis.com/v1/projects/silver-crown-app:testIamPermissions 200
[debug] [2026-08-01T06:39:55.165Z] <<< [apiv2][body] POST https://cloudresourcemanager.googleapis.com/v1/projects/silver-crown-app:testIamPermissions {"permissions":["cloudfunctions.functions.create","cloudfunctions.functions.delete","cloudfunctions.functions.get","cloudfunctions.functions.list","cloudfunctions.functions.update","cloudfunctions.operations.get","firebase.projects.get"]}
[debug] [2026-08-01T06:39:55.165Z] Checked if tokens are valid: true, expires at: 1785569965329
[debug] [2026-08-01T06:39:55.165Z] Checked if tokens are valid: true, expires at: 1785569965329
[debug] [2026-08-01T06:39:55.165Z] >>> [apiv2][query] POST https://iam.googleapis.com/v1/projects/silver-crown-app/serviceAccounts/silver-crown-app@appspot.gserviceaccount.com:testIamPermissions [none]
[debug] [2026-08-01T06:39:55.166Z] >>> [apiv2][body] POST https://iam.googleapis.com/v1/projects/silver-crown-app/serviceAccounts/silver-crown-app@appspot.gserviceaccount.com:testIamPermissions {"permissions":["iam.serviceAccounts.actAs"]}
[debug] [2026-08-01T06:39:55.740Z] <<< [apiv2][status] POST https://iam.googleapis.com/v1/projects/silver-crown-app/serviceAccounts/silver-crown-app@appspot.gserviceaccount.com:testIamPermissions 200
[debug] [2026-08-01T06:39:55.741Z] <<< [apiv2][body] POST https://iam.googleapis.com/v1/projects/silver-crown-app/serviceAccounts/silver-crown-app@appspot.gserviceaccount.com:testIamPermissions {"permissions":["iam.serviceAccounts.actAs"]}
[info] 
[info] === Deploying to 'silver-crown-app'...
[info] 
[info] i  deploying functions 
[debug] [2026-08-01T06:39:55.743Z] Checked if tokens are valid: true, expires at: 1785569965329
[debug] [2026-08-01T06:39:55.743Z] Checked if tokens are valid: true, expires at: 1785569965329
[debug] [2026-08-01T06:39:55.743Z] >>> [apiv2][query] GET https://cloudresourcemanager.googleapis.com/v1/projects/silver-crown-app [none]
[debug] [2026-08-01T06:39:55.829Z] <<< [apiv2][status] GET https://cloudresourcemanager.googleapis.com/v1/projects/silver-crown-app 200
[debug] [2026-08-01T06:39:55.829Z] <<< [apiv2][body] GET https://cloudresourcemanager.googleapis.com/v1/projects/silver-crown-app {"projectNumber":"256498427070","projectId":"silver-crown-app","lifecycleState":"ACTIVE","name":"Silver-Crown-App","labels":{"firebase":"enabled","firebase-core":"disabled"},"createTime":"2026-06-17T05:56:03.017Z"}
[info] i  functions: preparing codebase default for deployment 
[info] i  functions: ensuring required API cloudfunctions.googleapis.com is enabled... 
[info] i  functions: ensuring required API cloudbuild.googleapis.com is enabled... 
[info] i  artifactregistry: ensuring required API artifactregistry.googleapis.com is enabled... 
[debug] [2026-08-01T06:39:55.830Z] Checked if tokens are valid: true, expires at: 1785569965329
[debug] [2026-08-01T06:39:55.830Z] Checked if tokens are valid: true, expires at: 1785569965329
[debug] [2026-08-01T06:39:55.830Z] >>> [apiv2][query] GET https://firebase.googleapis.com/v1beta1/projects/silver-crown-app/adminSdkConfig [none]
[debug] [2026-08-01T06:39:56.569Z] <<< [apiv2][status] GET https://firebase.googleapis.com/v1beta1/projects/silver-crown-app/adminSdkConfig 200
[debug] [2026-08-01T06:39:56.569Z] <<< [apiv2][body] GET https://firebase.googleapis.com/v1beta1/projects/silver-crown-app/adminSdkConfig {"projectId":"silver-crown-app","storageBucket":"silver-crown-app.firebasestorage.app"}
[debug] [2026-08-01T06:39:56.569Z] Checked if tokens are valid: true, expires at: 1785569965329
[debug] [2026-08-01T06:39:56.569Z] Checked if tokens are valid: true, expires at: 1785569965329
[debug] [2026-08-01T06:39:56.570Z] >>> [apiv2][query] GET https://runtimeconfig.googleapis.com/v1beta1/projects/silver-crown-app/configs [none]
[debug] [2026-08-01T06:39:57.311Z] <<< [apiv2][status] GET https://runtimeconfig.googleapis.com/v1beta1/projects/silver-crown-app/configs 200
[debug] [2026-08-01T06:39:57.311Z] <<< [apiv2][body] GET https://runtimeconfig.googleapis.com/v1beta1/projects/silver-crown-app/configs {}
[debug] [2026-08-01T06:39:57.312Z] Validating nodejs source
[warn] ⚠  functions: Runtime Node.js 20 was deprecated on 2026-04-30 and will be decommissioned on 2026-10-30, after which you will not be able to deploy without upgrading. Consider upgrading now to avoid disruption. See https://cloud.google.com/functions/docs/runtime-support for full details on the lifecycle policy 
[warn] ⚠  functions: package.json indicates an outdated version of firebase-functions. Please upgrade using npm install --save firebase-functions@latest in your functions directory. 
[warn] ⚠  functions: Please note that there will be breaking changes when you upgrade. 
[debug] [2026-08-01T06:39:58.221Z] > [functions] package.json contents: {
  "name": "silver-crown-functions",
  "description": "Cloud Functions for Silver Crown PTI",
  "engines": {
    "node": "20"
  },
  "main": "lib/index.js",
  "scripts": {
    "build": "tsc",
    "build:watch": "tsc --watch",
    "serve": "npm run build && firebase emulators:start --only functions",
    "deploy": "firebase deploy --only functions"
  },
  "dependencies": {
    "firebase-admin": "^13.2.0",
    "firebase-functions": "^6.3.2"
  },
  "devDependencies": {
    "typescript": "^5.8.2"
  },
  "private": true
}
[debug] [2026-08-01T06:39:58.221Z] Building nodejs source
[info] i  functions: Loading and analyzing source code for codebase default to determine what to deploy 
[debug] [2026-08-01T06:39:58.221Z] Could not find functions.yaml. Must use http discovery
[debug] [2026-08-01T06:39:58.231Z] Found firebase-functions binary at '/Users/kedrovnick/Silver-Crown-PTI/firebase/functions/node_modules/.bin/firebase-functions'
[info] Serving at port 8546

[debug] [2026-08-01T06:39:58.996Z] Got response from /__/functions.yaml {"endpoints":{"extractDocumentData":{"availableMemoryMb":null,"timeoutSeconds":null,"minInstances":null,"maxInstances":null,"ingressSettings":null,"concurrency":null,"serviceAccountEmail":null,"vpc":null,"platform":"gcfv2","secretEnvironmentVariables":[{"key":"GEMINI_API_KEY"}],"labels":{},"callableTrigger":{},"entryPoint":"extractDocumentData"},"calculateRouteMiles":{"availableMemoryMb":null,"timeoutSeconds":60,"minInstances":null,"maxInstances":null,"ingressSettings":null,"concurrency":null,"serviceAccountEmail":null,"vpc":null,"platform":"gcfv2","secretEnvironmentVariables":[{"key":"GEOAPIFY_API_KEY"}],"labels":{},"callableTrigger":{},"entryPoint":"calculateRouteMiles"},"redeemInviteCode":{"availableMemoryMb":null,"timeoutSeconds":null,"minInstances":null,"maxInstances":10,"ingressSettings":null,"concurrency":null,"serviceAccountEmail":null,"vpc":null,"platform":"gcfv2","labels":{},"callableTrigger":{},"entryPoint":"redeemInviteCode"},"seedDemoData":{"availableMemoryMb":null,"timeoutSeconds":null,"minInstances":null,"maxInstances":10,"ingressSettings":null,"concurrency":null,"serviceAccountEmail":null,"vpc":null,"platform":"gcfv2","labels":{},"callableTrigger":{},"entryPoint":"seedDemoData"},"getRouteWeather":{"availableMemoryMb":null,"timeoutSeconds":null,"minInstances":null,"maxInstances":10,"ingressSettings":null,"concurrency":null,"serviceAccountEmail":null,"vpc":null,"platform":"gcfv2","labels":{},"callableTrigger":{},"entryPoint":"getRouteWeather"},"geocodeAddress":{"availableMemoryMb":null,"timeoutSeconds":null,"minInstances":null,"maxInstances":10,"ingressSettings":null,"concurrency":null,"serviceAccountEmail":null,"vpc":null,"platform":"gcfv2","labels":{},"callableTrigger":{},"entryPoint":"geocodeAddress"}},"specVersion":"v1alpha1","requiredAPIs":[],"extensions":{},"params":[{"type":"secret","name":"GEMINI_API_KEY"},{"type":"secret","name":"GEOAPIFY_API_KEY"}]}
[debug] [2026-08-01T06:40:02.021Z] Checked if tokens are valid: true, expires at: 1785569965329
[debug] [2026-08-01T06:40:02.021Z] Checked if tokens are valid: true, expires at: 1785569965329
[debug] [2026-08-01T06:40:02.021Z] >>> [apiv2][query] GET https://cloudfunctions.googleapis.com/v1/projects/silver-crown-app/locations/-/functions [none]
[debug] [2026-08-01T06:40:03.008Z] <<< [apiv2][status] GET https://cloudfunctions.googleapis.com/v1/projects/silver-crown-app/locations/-/functions 200
[debug] [2026-08-01T06:40:03.009Z] <<< [apiv2][body] GET https://cloudfunctions.googleapis.com/v1/projects/silver-crown-app/locations/-/functions {}
[debug] [2026-08-01T06:40:03.009Z] Checked if tokens are valid: true, expires at: 1785569965329
[debug] [2026-08-01T06:40:03.009Z] Checked if tokens are valid: true, expires at: 1785569965329
[debug] [2026-08-01T06:40:03.009Z] >>> [apiv2][query] GET https://cloudfunctions.googleapis.com/v2/projects/silver-crown-app/locations/-/functions filter=environment%3D%22GEN_2%22
[debug] [2026-08-01T06:40:03.529Z] <<< [apiv2][status] GET https://cloudfunctions.googleapis.com/v2/projects/silver-crown-app/locations/-/functions 200
[debug] [2026-08-01T06:40:03.530Z] <<< [apiv2][body] GET https://cloudfunctions.googleapis.com/v2/projects/silver-crown-app/locations/-/functions {"functions":[{"name":"projects/silver-crown-app/locations/us-central1/functions/redeemInviteCode","buildConfig":{"build":"projects/256498427070/locations/us-central1/builds/1896fa55-2579-4e7b-8ce4-e2576345ba2b","runtime":"nodejs20","entryPoint":"redeemInviteCode","source":{"storageSource":{"bucket":"gcf-v2-sources-256498427070-us-central1","object":"redeemInviteCode/function-source.zip","generation":"1785206524999392"}},"environmentVariables":{"GOOGLE_NODE_RUN_SCRIPTS":""},"dockerRepository":"projects/silver-crown-app/locations/us-central1/repositories/gcf-artifacts","sourceProvenance":{"resolvedStorageSource":{"bucket":"gcf-v2-sources-256498427070-us-central1","object":"redeemInviteCode/function-source.zip","generation":"1785206524999392"}},"dockerRegistry":"ARTIFACT_REGISTRY","serviceAccount":"projects/silver-crown-app/serviceAccounts/256498427070-compute@developer.gserviceaccount.com","automaticUpdatePolicy":{}},"serviceConfig":{"service":"projects/silver-crown-app/locations/us-central1/services/redeeminvitecode","timeoutSeconds":60,"environmentVariables":{"FIREBASE_CONFIG":"{\"projectId\":\"silver-crown-app\",\"storageBucket\":\"silver-crown-app.firebasestorage.app\"}","GCLOUD_PROJECT":"silver-crown-app","EVENTARC_CLOUD_EVENT_SOURCE":"projects/silver-crown-app/locations/us-central1/services/redeemInviteCode","FUNCTION_TARGET":"redeemInviteCode","LOG_EXECUTION_ID":"true","FUNCTION_SIGNATURE_TYPE":"http"},"maxInstanceCount":10,"ingressSettings":"ALLOW_ALL","uri":"https://redeeminvitecode-zv52bqj2ja-uc.a.run.app","serviceAccountEmail":"256498427070-compute@developer.gserviceaccount.com","availableMemory":"256Mi","allTrafficOnLatestRevision":true,"revision":"redeeminvitecode-00011-jec","maxInstanceRequestConcurrency":80,"availableCpu":"1"},"state":"ACTIVE","updateTime":"2026-07-28T02:42:27.773456124Z","labels":{"firebase-functions-hash":"b51f2dd7854ab2e389d8539374f3ed4ec3a03b4e","deployment-tool":"cli-firebase","deployment-callable":"true"},"environment":"GEN_2","url":"https://us-central1-silver-crown-app.cloudfunctions.net/redeemInviteCode","createTime":"2026-06-17T06:55:07.942532318Z","satisfiesPzi":true},{"name":"projects/silver-crown-app/locations/us-central1/functions/getRouteWeather","buildConfig":{"build":"projects/256498427070/locations/us-central1/builds/1896fa55-2579-4e7b-8ce4-e2576345ba2b","runtime":"nodejs20","entryPoint":"getRouteWeather","source":{"storageSource":{"bucket":"gcf-v2-sources-256498427070-us-central1","object":"getRouteWeather/function-source.zip","generation":"1785206525132249"}},"environmentVariables":{"GOOGLE_NODE_RUN_SCRIPTS":""},"dockerRepository":"projects/silver-crown-app/locations/us-central1/repositories/gcf-artifacts","sourceProvenance":{"resolvedStorageSource":{"bucket":"gcf-v2-sources-256498427070-us-central1","object":"getRouteWeather/function-source.zip","generation":"1785206525132249"}},"dockerRegistry":"ARTIFACT_REGISTRY","serviceAccount":"projects/silver-crown-app/serviceAccounts/256498427070-compute@developer.gserviceaccount.com","automaticUpdatePolicy":{}},"serviceConfig":{"service":"projects/silver-crown-app/locations/us-central1/services/getrouteweather","timeoutSeconds":60,"environmentVariables":{"FIREBASE_CONFIG":"{\"projectId\":\"silver-crown-app\",\"storageBucket\":\"silver-crown-app.firebasestorage.app\"}","GCLOUD_PROJECT":"silver-crown-app","EVENTARC_CLOUD_EVENT_SOURCE":"projects/silver-crown-app/locations/us-central1/services/getRouteWeather","FUNCTION_TARGET":"getRouteWeather","LOG_EXECUTION_ID":"true","FUNCTION_SIGNATURE_TYPE":"http"},"maxInstanceCount":10,"ingressSettings":"ALLOW_ALL","uri":"https://getrouteweather-zv52bqj2ja-uc.a.run.app","serviceAccountEmail":"256498427070-compute@developer.gserviceaccount.com","availableMemory":"256Mi","allTrafficOnLatestRevision":true,"revision":"getrouteweather-00009-sap","maxInstanceRequestConcurrency":80,"availableCpu":"1"},"state":"ACTIVE","updateTime":"2026-07-28T02:42:32.984084316Z","labels":{"firebase-functions-hash":"b51f2dd7854ab2e389d8539374f3ed4ec3a03b4e","deployment-tool":"cli-firebase","deployment-callable":"true"},"environment":"GEN_2","url":"https://us-central1-silver-crown-app.cloudfunctions.net/getRouteWeather","createTime":"2026-06-18T04:04:21.340787678Z","satisfiesPzi":true},{"name":"projects/silver-crown-app/locations/us-central1/functions/extractDocumentData","buildConfig":{"build":"projects/256498427070/locations/us-central1/builds/cb50d338-82a8-454c-bad9-adf949d122b8","runtime":"nodejs20","entryPoint":"extractDocumentData","source":{"storageSource":{"bucket":"gcf-v2-sources-256498427070-us-central1","object":"extractDocumentData/function-source.zip","generation":"1785211850809292"}},"environmentVariables":{"GOOGLE_NODE_RUN_SCRIPTS":""},"dockerRepository":"projects/silver-crown-app/locations/us-central1/repositories/gcf-artifacts","sourceProvenance":{"resolvedStorageSource":{"bucket":"gcf-v2-sources-256498427070-us-central1","object":"extractDocumentData/function-source.zip","generation":"1785211850809292"}},"dockerRegistry":"ARTIFACT_REGISTRY","serviceAccount":"projects/silver-crown-app/serviceAccounts/256498427070-compute@developer.gserviceaccount.com","automaticUpdatePolicy":{}},"serviceConfig":{"service":"projects/silver-crown-app/locations/us-central1/services/extractdocumentdata","timeoutSeconds":60,"environmentVariables":{"FIREBASE_CONFIG":"{\"projectId\":\"silver-crown-app\",\"storageBucket\":\"silver-crown-app.firebasestorage.app\"}","GCLOUD_PROJECT":"silver-crown-app","EVENTARC_CLOUD_EVENT_SOURCE":"projects/silver-crown-app/locations/us-central1/services/extractDocumentData","FUNCTION_TARGET":"extractDocumentData","LOG_EXECUTION_ID":"true","FUNCTION_SIGNATURE_TYPE":"http"},"maxInstanceCount":20,"ingressSettings":"ALLOW_ALL","uri":"https://extractdocumentdata-zv52bqj2ja-uc.a.run.app","serviceAccountEmail":"256498427070-compute@developer.gserviceaccount.com","availableMemory":"256Mi","allTrafficOnLatestRevision":true,"secretEnvironmentVariables":[{"key":"GEMINI_API_KEY","projectId":"silver-crown-app","secret":"GEMINI_API_KEY","version":"3"}],"revision":"extractdocumentdata-00013-doy","maxInstanceRequestConcurrency":80,"availableCpu":"1"},"state":"ACTIVE","updateTime":"2026-07-28T04:12:17.150363316Z","labels":{"deployment-tool":"cli-firebase","deployment-callable":"true","firebase-functions-hash":"7c1d6ab64efed2ba7c103e8be497743fb0d3646c"},"environment":"GEN_2","url":"https://us-central1-silver-crown-app.cloudfunctions.net/extractDocumentData","createTime":"2026-07-25T06:55:07.751152884Z","satisfiesPzi":true},{"name":"projects/silver-crown-app/locations/us-central1/functions/calculateRouteMiles","buildConfig":{"build":"projects/256498427070/locations/us-central1/builds/1896fa55-2579-4e7b-8ce4-e2576345ba2b","runtime":"nodejs20","entryPoint":"calculateRouteMiles","source":{"storageSource":{"bucket":"gcf-v2-sources-256498427070-us-central1","object":"calculateRouteMiles/function-source.zip","generation":"1785206524556833"}},"environmentVariables":{"GOOGLE_NODE_RUN_SCRIPTS":""},"dockerRepository":"projects/silver-crown-app/locations/us-central1/repositories/gcf-artifacts","sourceProvenance":{"resolvedStorageSource":{"bucket":"gcf-v2-sources-256498427070-us-central1","object":"calculateRouteMiles/function-source.zip","generation":"1785206524556833"}},"dockerRegistry":"ARTIFACT_REGISTRY","serviceAccount":"projects/silver-crown-app/serviceAccounts/256498427070-compute@developer.gserviceaccount.com","automaticUpdatePolicy":{}},"serviceConfig":{"service":"projects/silver-crown-app/locations/us-central1/services/calculateroutemiles","timeoutSeconds":60,"environmentVariables":{"FIREBASE_CONFIG":"{\"projectId\":\"silver-crown-app\",\"storageBucket\":\"silver-crown-app.firebasestorage.app\"}","GCLOUD_PROJECT":"silver-crown-app","EVENTARC_CLOUD_EVENT_SOURCE":"projects/silver-crown-app/locations/us-central1/services/calculateRouteMiles","FUNCTION_TARGET":"calculateRouteMiles","LOG_EXECUTION_ID":"true","FUNCTION_SIGNATURE_TYPE":"http"},"maxInstanceCount":20,"ingressSettings":"ALLOW_ALL","uri":"https://calculateroutemiles-zv52bqj2ja-uc.a.run.app","serviceAccountEmail":"256498427070-compute@developer.gserviceaccount.com","availableMemory":"256Mi","allTrafficOnLatestRevision":true,"secretEnvironmentVariables":[{"key":"GEOAPIFY_API_KEY","projectId":"silver-crown-app","secret":"GEOAPIFY_API_KEY","version":"1"}],"revision":"calculateroutemiles-00002-suy","maxInstanceRequestConcurrency":80,"availableCpu":"1"},"state":"ACTIVE","updateTime":"2026-07-28T02:42:29.788853746Z","labels":{"firebase-functions-hash":"1f4a933664bc0006173f63aaeb5273f0b390ca06","deployment-tool":"cli-firebase","deployment-callable":"true"},"environment":"GEN_2","url":"https://us-central1-silver-crown-app.cloudfunctions.net/calculateRouteMiles","createTime":"2026-07-26T10:50:02.787600697Z","satisfiesPzi":true},{"name":"projects/silver-crown-app/locations/us-central1/functions/seedDemoData","buildConfig":{"build":"projects/256498427070/locations/us-central1/builds/1896fa55-2579-4e7b-8ce4-e2576345ba2b","runtime":"nodejs20","entryPoint":"seedDemoData","source":{"storageSource":{"bucket":"gcf-v2-sources-256498427070-us-central1","object":"seedDemoData/function-source.zip","generation":"1785206525006921"}},"environmentVariables":{"GOOGLE_NODE_RUN_SCRIPTS":""},"dockerRepository":"projects/silver-crown-app/locations/us-central1/repositories/gcf-artifacts","sourceProvenance":{"resolvedStorageSource":{"bucket":"gcf-v2-sources-256498427070-us-central1","object":"seedDemoData/function-source.zip","generation":"1785206525006921"}},"dockerRegistry":"ARTIFACT_REGISTRY","serviceAccount":"projects/silver-crown-app/serviceAccounts/256498427070-compute@developer.gserviceaccount.com","automaticUpdatePolicy":{}},"serviceConfig":{"service":"projects/silver-crown-app/locations/us-central1/services/seeddemodata","timeoutSeconds":60,"environmentVariables":{"FIREBASE_CONFIG":"{\"projectId\":\"silver-crown-app\",\"storageBucket\":\"silver-crown-app.firebasestorage.app\"}","GCLOUD_PROJECT":"silver-crown-app","EVENTARC_CLOUD_EVENT_SOURCE":"projects/silver-crown-app/locations/us-central1/services/seedDemoData","FUNCTION_TARGET":"seedDemoData","LOG_EXECUTION_ID":"true","FUNCTION_SIGNATURE_TYPE":"http"},"maxInstanceCount":10,"ingressSettings":"ALLOW_ALL","uri":"https://seeddemodata-zv52bqj2ja-uc.a.run.app","serviceAccountEmail":"256498427070-compute@developer.gserviceaccount.com","availableMemory":"256Mi","allTrafficOnLatestRevision":true,"revision":"seeddemodata-00010-buw","maxInstanceRequestConcurrency":80,"availableCpu":"1"},"state":"ACTIVE","updateTime":"2026-07-28T02:42:27.583559157Z","labels":{"deployment-tool":"cli-firebase","deployment-callable":"true","firebase-functions-hash":"b51f2dd7854ab2e389d8539374f3ed4ec3a03b4e"},"environment":"GEN_2","url":"https://us-central1-silver-crown-app.cloudfunctions.net/seedDemoData","createTime":"2026-06-17T06:55:56.812240713Z","satisfiesPzi":true},{"name":"projects/silver-crown-app/locations/us-central1/functions/geocodeAddress","buildConfig":{"build":"projects/256498427070/locations/us-central1/builds/1896fa55-2579-4e7b-8ce4-e2576345ba2b","runtime":"nodejs20","entryPoint":"geocodeAddress","source":{"storageSource":{"bucket":"gcf-v2-sources-256498427070-us-central1","object":"geocodeAddress/function-source.zip","generation":"1785206525033087"}},"environmentVariables":{"GOOGLE_NODE_RUN_SCRIPTS":""},"dockerRepository":"projects/silver-crown-app/locations/us-central1/repositories/gcf-artifacts","sourceProvenance":{"resolvedStorageSource":{"bucket":"gcf-v2-sources-256498427070-us-central1","object":"geocodeAddress/function-source.zip","generation":"1785206525033087"}},"dockerRegistry":"ARTIFACT_REGISTRY","serviceAccount":"projects/silver-crown-app/serviceAccounts/256498427070-compute@developer.gserviceaccount.com","automaticUpdatePolicy":{}},"serviceConfig":{"service":"projects/silver-crown-app/locations/us-central1/services/geocodeaddress","timeoutSeconds":60,"environmentVariables":{"FIREBASE_CONFIG":"{\"projectId\":\"silver-crown-app\",\"storageBucket\":\"silver-crown-app.firebasestorage.app\"}","GCLOUD_PROJECT":"silver-crown-app","EVENTARC_CLOUD_EVENT_SOURCE":"projects/silver-crown-app/locations/us-central1/services/geocodeAddress","FUNCTION_TARGET":"geocodeAddress","LOG_EXECUTION_ID":"true","FUNCTION_SIGNATURE_TYPE":"http"},"maxInstanceCount":10,"ingressSettings":"ALLOW_ALL","uri":"https://geocodeaddress-zv52bqj2ja-uc.a.run.app","serviceAccountEmail":"256498427070-compute@developer.gserviceaccount.com","availableMemory":"256Mi","allTrafficOnLatestRevision":true,"revision":"geocodeaddress-00011-cuv","maxInstanceRequestConcurrency":80,"availableCpu":"1"},"state":"ACTIVE","updateTime":"2026-07-28T02:42:30.587716361Z","labels":{"deployment-callable":"true","firebase-functions-hash":"b51f2dd7854ab2e389d8539374f3ed4ec3a03b4e","deployment-tool":"cli-firebase"},"environment":"GEN_2","url":"https://us-central1-silver-crown-app.cloudfunctions.net/geocodeAddress","createTime":"2026-06-19T01:20:39.037736182Z","satisfiesPzi":true}]}
[info] i  extensions: ensuring required API firebaseextensions.googleapis.com is enabled... 
[debug] [2026-08-01T06:40:03.533Z] > command requires scopes: ["email","openid","https://www.googleapis.com/auth/cloudplatformprojects.readonly","https://www.googleapis.com/auth/firebase","https://www.googleapis.com/auth/cloud-platform"]
[debug] [2026-08-01T06:40:03.533Z] > authorizing via signed-in user (kedrovnick@gmail.com)
[debug] [2026-08-01T06:40:03.533Z] [iam] checking project silver-crown-app for permissions ["firebase.projects.get","firebaseextensions.instances.list"]
[debug] [2026-08-01T06:40:03.533Z] Checked if tokens are valid: true, expires at: 1785569965329
[debug] [2026-08-01T06:40:03.533Z] Checked if tokens are valid: true, expires at: 1785569965329
[debug] [2026-08-01T06:40:03.533Z] >>> [apiv2][query] POST https://cloudresourcemanager.googleapis.com/v1/projects/silver-crown-app:testIamPermissions [none]
[debug] [2026-08-01T06:40:03.533Z] >>> [apiv2][(partial)header] POST https://cloudresourcemanager.googleapis.com/v1/projects/silver-crown-app:testIamPermissions  x-goog-user-project=silver-crown-app
[debug] [2026-08-01T06:40:03.533Z] >>> [apiv2][body] POST https://cloudresourcemanager.googleapis.com/v1/projects/silver-crown-app:testIamPermissions {"permissions":["firebase.projects.get","firebaseextensions.instances.list"]}
[debug] [2026-08-01T06:40:04.052Z] <<< [apiv2][status] POST https://cloudresourcemanager.googleapis.com/v1/projects/silver-crown-app:testIamPermissions 200
[debug] [2026-08-01T06:40:04.052Z] <<< [apiv2][body] POST https://cloudresourcemanager.googleapis.com/v1/projects/silver-crown-app:testIamPermissions {"permissions":["firebase.projects.get","firebaseextensions.instances.list"]}
[debug] [2026-08-01T06:40:04.053Z] Checked if tokens are valid: true, expires at: 1785569965329
[debug] [2026-08-01T06:40:04.053Z] Checked if tokens are valid: true, expires at: 1785569965329
[debug] [2026-08-01T06:40:04.053Z] >>> [apiv2][query] GET https://firebaseextensions.googleapis.com/v1beta/projects/silver-crown-app/instances pageSize=100&pageToken=
[debug] [2026-08-01T06:40:04.922Z] <<< [apiv2][status] GET https://firebaseextensions.googleapis.com/v1beta/projects/silver-crown-app/instances 200
[debug] [2026-08-01T06:40:04.923Z] <<< [apiv2][body] GET https://firebaseextensions.googleapis.com/v1beta/projects/silver-crown-app/instances {}
[debug] [2026-08-01T06:40:04.925Z] Checked if tokens are valid: true, expires at: 1785569965329
[debug] [2026-08-01T06:40:04.926Z] Checked if tokens are valid: true, expires at: 1785569965329
[debug] [2026-08-01T06:40:04.926Z] >>> [apiv2][query] GET https://secretmanager.googleapis.com/v1/projects/silver-crown-app/secrets/GEMINI_API_KEY [none]
[debug] [2026-08-01T06:40:05.621Z] <<< [apiv2][status] GET https://secretmanager.googleapis.com/v1/projects/silver-crown-app/secrets/GEMINI_API_KEY 200
[debug] [2026-08-01T06:40:05.622Z] <<< [apiv2][body] GET https://secretmanager.googleapis.com/v1/projects/silver-crown-app/secrets/GEMINI_API_KEY {"name":"projects/256498427070/secrets/GEMINI_API_KEY","replication":{"automatic":{}},"createTime":"2026-07-25T06:43:31.312181Z","labels":{"firebase-managed":"functions"},"etag":"\"165769ceb6a6f3\""}
[debug] [2026-08-01T06:40:05.623Z] Checked if tokens are valid: true, expires at: 1785569965329
[debug] [2026-08-01T06:40:05.623Z] Checked if tokens are valid: true, expires at: 1785569965329
[debug] [2026-08-01T06:40:05.623Z] >>> [apiv2][query] GET https://secretmanager.googleapis.com/v1/projects/silver-crown-app/secrets/GEMINI_API_KEY/versions/latest [none]
[debug] [2026-08-01T06:40:05.737Z] <<< [apiv2][status] GET https://secretmanager.googleapis.com/v1/projects/silver-crown-app/secrets/GEMINI_API_KEY/versions/latest 200
[debug] [2026-08-01T06:40:05.737Z] <<< [apiv2][body] GET https://secretmanager.googleapis.com/v1/projects/silver-crown-app/secrets/GEMINI_API_KEY/versions/latest {"name":"projects/256498427070/secrets/GEMINI_API_KEY/versions/3","createTime":"2026-07-28T03:21:03.029365Z","state":"ENABLED","replicationStatus":{"automatic":{}},"etag":"\"1657a354217875\""}
[debug] [2026-08-01T06:40:05.738Z] Checked if tokens are valid: true, expires at: 1785569965329
[debug] [2026-08-01T06:40:05.738Z] Checked if tokens are valid: true, expires at: 1785569965329
[debug] [2026-08-01T06:40:05.738Z] >>> [apiv2][query] GET https://secretmanager.googleapis.com/v1/projects/silver-crown-app/secrets/GEOAPIFY_API_KEY [none]
[debug] [2026-08-01T06:40:05.860Z] <<< [apiv2][status] GET https://secretmanager.googleapis.com/v1/projects/silver-crown-app/secrets/GEOAPIFY_API_KEY 200
[debug] [2026-08-01T06:40:05.860Z] <<< [apiv2][body] GET https://secretmanager.googleapis.com/v1/projects/silver-crown-app/secrets/GEOAPIFY_API_KEY {"name":"projects/256498427070/secrets/GEOAPIFY_API_KEY","replication":{"automatic":{}},"createTime":"2026-07-26T10:48:52.944888Z","labels":{"firebase-managed":"functions"},"etag":"\"1657815a081d05\""}
[debug] [2026-08-01T06:40:05.861Z] Checked if tokens are valid: true, expires at: 1785569965329
[debug] [2026-08-01T06:40:05.861Z] Checked if tokens are valid: true, expires at: 1785569965329
[debug] [2026-08-01T06:40:05.861Z] >>> [apiv2][query] GET https://secretmanager.googleapis.com/v1/projects/silver-crown-app/secrets/GEOAPIFY_API_KEY/versions/latest [none]
[debug] [2026-08-01T06:40:05.997Z] <<< [apiv2][status] GET https://secretmanager.googleapis.com/v1/projects/silver-crown-app/secrets/GEOAPIFY_API_KEY/versions/latest 200
[debug] [2026-08-01T06:40:05.997Z] <<< [apiv2][body] GET https://secretmanager.googleapis.com/v1/projects/silver-crown-app/secrets/GEOAPIFY_API_KEY/versions/latest {"name":"projects/256498427070/secrets/GEOAPIFY_API_KEY/versions/1","createTime":"2026-07-26T10:48:55.622679Z","state":"ENABLED","replicationStatus":{"automatic":{}},"etag":"\"1657815a2df417\""}
[info] i  functions: preparing firebase/functions directory for uploading... 
[info] i  functions: packaged /Users/kedrovnick/Silver-Crown-PTI/firebase/functions (79.9 KB) for uploading 
[info] i  functions: ensuring required API run.googleapis.com is enabled... 
[info] i  functions: ensuring required API eventarc.googleapis.com is enabled... 
[info] i  functions: ensuring required API pubsub.googleapis.com is enabled... 
[info] i  functions: ensuring required API storage.googleapis.com is enabled... 
[info] i  functions: generating the service identity for pubsub.googleapis.com... 
[debug] [2026-08-01T06:40:06.039Z] Checked if tokens are valid: true, expires at: 1785569965329
[debug] [2026-08-01T06:40:06.039Z] Checked if tokens are valid: true, expires at: 1785569965329
[info] i  functions: generating the service identity for eventarc.googleapis.com... 
[debug] [2026-08-01T06:40:06.039Z] Checked if tokens are valid: true, expires at: 1785569965329
[debug] [2026-08-01T06:40:06.039Z] Checked if tokens are valid: true, expires at: 1785569965329
[debug] [2026-08-01T06:40:06.039Z] >>> [apiv2][query] POST https://serviceusage.googleapis.com/v1beta1/projects/256498427070/services/pubsub.googleapis.com:generateServiceIdentity [none]
[debug] [2026-08-01T06:40:06.039Z] >>> [apiv2][(partial)header] POST https://serviceusage.googleapis.com/v1beta1/projects/256498427070/services/pubsub.googleapis.com:generateServiceIdentity  x-goog-user-project=256498427070
[debug] [2026-08-01T06:40:06.039Z] >>> [apiv2][body] POST https://serviceusage.googleapis.com/v1beta1/projects/256498427070/services/pubsub.googleapis.com:generateServiceIdentity {}
[debug] [2026-08-01T06:40:06.039Z] >>> [apiv2][query] POST https://serviceusage.googleapis.com/v1beta1/projects/256498427070/services/eventarc.googleapis.com:generateServiceIdentity [none]
[debug] [2026-08-01T06:40:06.039Z] >>> [apiv2][(partial)header] POST https://serviceusage.googleapis.com/v1beta1/projects/256498427070/services/eventarc.googleapis.com:generateServiceIdentity  x-goog-user-project=256498427070
[debug] [2026-08-01T06:40:06.039Z] >>> [apiv2][body] POST https://serviceusage.googleapis.com/v1beta1/projects/256498427070/services/eventarc.googleapis.com:generateServiceIdentity {}
[debug] [2026-08-01T06:40:06.884Z] <<< [apiv2][status] POST https://serviceusage.googleapis.com/v1beta1/projects/256498427070/services/pubsub.googleapis.com:generateServiceIdentity 200
[debug] [2026-08-01T06:40:06.884Z] <<< [apiv2][body] POST https://serviceusage.googleapis.com/v1beta1/projects/256498427070/services/pubsub.googleapis.com:generateServiceIdentity {"name":"operations/finished.DONE_OPERATION","done":true,"response":{"@type":"type.googleapis.com/google.api.serviceusage.v1beta1.ServiceIdentity","email":"service-256498427070@gcp-sa-pubsub.iam.gserviceaccount.com","uniqueId":"109877640532311618011"}}
[debug] [2026-08-01T06:40:06.885Z] <<< [apiv2][status] POST https://serviceusage.googleapis.com/v1beta1/projects/256498427070/services/eventarc.googleapis.com:generateServiceIdentity 200
[debug] [2026-08-01T06:40:06.885Z] <<< [apiv2][body] POST https://serviceusage.googleapis.com/v1beta1/projects/256498427070/services/eventarc.googleapis.com:generateServiceIdentity {"name":"operations/finished.DONE_OPERATION","done":true,"response":{"@type":"type.googleapis.com/google.api.serviceusage.v1beta1.ServiceIdentity","email":"service-256498427070@gcp-sa-eventarc.iam.gserviceaccount.com","uniqueId":"117888948556164956002"}}
[info] i  functions: ensuring required API secretmanager.googleapis.com is enabled... 
[debug] [2026-08-01T06:40:06.888Z] Checked if tokens are valid: true, expires at: 1785569965329
[debug] [2026-08-01T06:40:06.888Z] Checked if tokens are valid: true, expires at: 1785569965329
[debug] [2026-08-01T06:40:06.888Z] >>> [apiv2][query] GET https://cloudresourcemanager.googleapis.com/v1/projects/silver-crown-app [none]
[debug] [2026-08-01T06:40:07.019Z] <<< [apiv2][status] GET https://cloudresourcemanager.googleapis.com/v1/projects/silver-crown-app 200
[debug] [2026-08-01T06:40:07.019Z] <<< [apiv2][body] GET https://cloudresourcemanager.googleapis.com/v1/projects/silver-crown-app {"projectNumber":"256498427070","projectId":"silver-crown-app","lifecycleState":"ACTIVE","name":"Silver-Crown-App","labels":{"firebase":"enabled","firebase-core":"disabled"},"createTime":"2026-06-17T05:56:03.017Z"}
[debug] [2026-08-01T06:40:07.020Z] Checked if tokens are valid: true, expires at: 1785569965329
[debug] [2026-08-01T06:40:07.020Z] Checked if tokens are valid: true, expires at: 1785569965329
[debug] [2026-08-01T06:40:07.020Z] >>> [apiv2][query] GET https://compute.googleapis.com/compute/v1/projects/256498427070 [none]
[debug] [2026-08-01T06:40:07.663Z] <<< [apiv2][status] GET https://compute.googleapis.com/compute/v1/projects/256498427070 403
[debug] [2026-08-01T06:40:07.663Z] <<< [apiv2][body] GET https://compute.googleapis.com/compute/v1/projects/256498427070 {"error":{"code":403,"message":"Compute Engine API has not been used in project 256498427070 before or it is disabled. Enable it by visiting https://console.developers.google.com/apis/api/compute.googleapis.com/overview?project=256498427070 then retry. If you enabled this API recently, wait a few minutes for the action to propagate to our systems and retry.","errors":[{"message":"Compute Engine API has not been used in project 256498427070 before or it is disabled. Enable it by visiting https://console.developers.google.com/apis/api/compute.googleapis.com/overview?project=256498427070 then retry. If you enabled this API recently, wait a few minutes for the action to propagate to our systems and retry.","domain":"usageLimits","reason":"accessNotConfigured","extendedHelp":"https://console.developers.google.com"}],"status":"PERMISSION_DENIED","details":[{"@type":"type.googleapis.com/google.rpc.ErrorInfo","reason":"SERVICE_DISABLED","domain":"googleapis.com","metadata":{"containerInfo":"256498427070","consumer":"projects/256498427070","activationUrl":"https://console.developers.google.com/apis/api/compute.googleapis.com/overview?project=256498427070","service":"compute.googleapis.com","serviceTitle":"Compute Engine API"}},{"@type":"type.googleapis.com/google.rpc.LocalizedMessage","locale":"en-US","message":"Compute Engine API has not been used in project 256498427070 before or it is disabled. Enable it by visiting https://console.developers.google.com/apis/api/compute.googleapis.com/overview?project=256498427070 then retry. If you enabled this API recently, wait a few minutes for the action to propagate to our systems and retry."},{"@type":"type.googleapis.com/google.rpc.Help","links":[{"description":"Google developers console API activation","url":"https://console.developers.google.com/apis/api/compute.googleapis.com/overview?project=256498427070"}]}]}}
[debug] [2026-08-01T06:40:07.665Z] unable to look up default compute service account. Falling back to 256498427070-compute@developer.gserviceaccount.com. Error: {"name":"FirebaseError","children":[],"context":{"body":{"error":{"code":403,"message":"Compute Engine API has not been used in project 256498427070 before or it is disabled. Enable it by visiting https://console.developers.google.com/apis/api/compute.googleapis.com/overview?project=256498427070 then retry. If you enabled this API recently, wait a few minutes for the action to propagate to our systems and retry.","errors":[{"message":"Compute Engine API has not been used in project 256498427070 before or it is disabled. Enable it by visiting https://console.developers.google.com/apis/api/compute.googleapis.com/overview?project=256498427070 then retry. If you enabled this API recently, wait a few minutes for the action to propagate to our systems and retry.","domain":"usageLimits","reason":"accessNotConfigured","extendedHelp":"https://console.developers.google.com"}],"status":"PERMISSION_DENIED","details":[{"@type":"type.googleapis.com/google.rpc.ErrorInfo","reason":"SERVICE_DISABLED","domain":"googleapis.com","metadata":{"containerInfo":"256498427070","consumer":"projects/256498427070","activationUrl":"https://console.developers.google.com/apis/api/compute.googleapis.com/overview?project=256498427070","service":"compute.googleapis.com","serviceTitle":"Compute Engine API"}},{"@type":"type.googleapis.com/google.rpc.LocalizedMessage","locale":"en-US","message":"Compute Engine API has not been used in project 256498427070 before or it is disabled. Enable it by visiting https://console.developers.google.com/apis/api/compute.googleapis.com/overview?project=256498427070 then retry. If you enabled this API recently, wait a few minutes for the action to propagate to our systems and retry."},{"@type":"type.googleapis.com/google.rpc.Help","links":[{"description":"Google developers console API activation","url":"https://console.developers.google.com/apis/api/compute.googleapis.com/overview?project=256498427070"}]}]}},"response":{"statusCode":403}},"exit":1,"message":"Request to https://compute.googleapis.com/compute/v1/projects/256498427070 had HTTP Error: 403, Compute Engine API has not been used in project 256498427070 before or it is disabled. Enable it by visiting https://console.developers.google.com/apis/api/compute.googleapis.com/overview?project=256498427070 then retry. If you enabled this API recently, wait a few minutes for the action to propagate to our systems and retry.","status":403}
[debug] [2026-08-01T06:40:07.667Z] Checked if tokens are valid: true, expires at: 1785569965329
[debug] [2026-08-01T06:40:07.667Z] Checked if tokens are valid: true, expires at: 1785569965329
[debug] [2026-08-01T06:40:07.667Z] >>> [apiv2][query] GET https://cloudbilling.googleapis.com/v1/projects/silver-crown-app/billingInfo [none]
[debug] [2026-08-01T06:40:07.667Z] >>> [apiv2][(partial)header] GET https://cloudbilling.googleapis.com/v1/projects/silver-crown-app/billingInfo  x-goog-user-project=silver-crown-app
[debug] [2026-08-01T06:40:08.300Z] <<< [apiv2][status] GET https://cloudbilling.googleapis.com/v1/projects/silver-crown-app/billingInfo 200
[debug] [2026-08-01T06:40:08.301Z] <<< [apiv2][body] GET https://cloudbilling.googleapis.com/v1/projects/silver-crown-app/billingInfo {"name":"projects/silver-crown-app/billingInfo","projectId":"silver-crown-app","billingAccountName":"billingAccounts/0197AE-3333F6-2EE473","billingEnabled":true}
[debug] [2026-08-01T06:40:08.303Z] Checked if tokens are valid: true, expires at: 1785569965329
[debug] [2026-08-01T06:40:08.303Z] Checked if tokens are valid: true, expires at: 1785569965329
[debug] [2026-08-01T06:40:08.303Z] >>> [apiv2][query] POST https://cloudfunctions.googleapis.com/v2/projects/silver-crown-app/locations/us-central1/functions:generateUploadUrl [none]
[debug] [2026-08-01T06:40:09.060Z] <<< [apiv2][status] POST https://cloudfunctions.googleapis.com/v2/projects/silver-crown-app/locations/us-central1/functions:generateUploadUrl 200
[debug] [2026-08-01T06:40:09.060Z] <<< [apiv2][body] POST https://cloudfunctions.googleapis.com/v2/projects/silver-crown-app/locations/us-central1/functions:generateUploadUrl {"uploadUrl":"https://storage.googleapis.com/gcf-v2-uploads-256498427070.us-central1.cloudfunctions.appspot.com/634eb355-262d-4db8-ab46-19f8ce8c592e.zip?GoogleAccessId=service-256498427070@gcf-admin-robot.iam.gserviceaccount.com&Expires=1785568209&Signature=KkHlvU52UtH3KdI6pDsBBJmdEdr766madN73uSqhhTi0kWLT1Mie5mJ8yWBZqduBmBAJcn%2FdcbkHTG1rd4nUNEynbo4gGR9NGSwZQpk7yP9bo%2B5Annpcw9yGnT%2F88f5daBOylDWBKY9k%2F5AZNHquBQf%2FDexLv7%2FBjKIuHU1uuuwxmzAechUyVXucuOHrvVpjjwhc8QtlIF5flnpTpquU1nzRPVAF2Q7Y5a8XDIAr1mTZ3%2BD%2F%2ByQ9MUhXErqf%2BBPqNxFnpoZlM%2BXxG5%2FfpzZGZjCvgoviIrAeABXC8M0d%2Bzm82%2B1nlwxf1JOLNBKIot9PNzWB0TYAofR5bJhSMHvGFQ%3D%3D","storageSource":{"bucket":"gcf-v2-uploads-256498427070.us-central1.cloudfunctions.appspot.com","object":"634eb355-262d-4db8-ab46-19f8ce8c592e.zip"}}
[debug] [2026-08-01T06:40:09.061Z] >>> [apiv2][query] PUT https://storage.googleapis.com/gcf-v2-uploads-256498427070.us-central1.cloudfunctions.appspot.com/634eb355-262d-4db8-ab46-19f8ce8c592e.zip GoogleAccessId=service-256498427070%40gcf-admin-robot.iam.gserviceaccount.com&Expires=1785568209&Signature=KkHlvU52UtH3KdI6pDsBBJmdEdr766madN73uSqhhTi0kWLT1Mie5mJ8yWBZqduBmBAJcn%2FdcbkHTG1rd4nUNEynbo4gGR9NGSwZQpk7yP9bo%2B5Annpcw9yGnT%2F88f5daBOylDWBKY9k%2F5AZNHquBQf%2FDexLv7%2FBjKIuHU1uuuwxmzAechUyVXucuOHrvVpjjwhc8QtlIF5flnpTpquU1nzRPVAF2Q7Y5a8XDIAr1mTZ3%2BD%2F%2ByQ9MUhXErqf%2BBPqNxFnpoZlM%2BXxG5%2FfpzZGZjCvgoviIrAeABXC8M0d%2Bzm82%2B1nlwxf1JOLNBKIot9PNzWB0TYAofR5bJhSMHvGFQ%3D%3D
[debug] [2026-08-01T06:40:09.061Z] >>> [apiv2][body] PUT https://storage.googleapis.com/gcf-v2-uploads-256498427070.us-central1.cloudfunctions.appspot.com/634eb355-262d-4db8-ab46-19f8ce8c592e.zip [stream]
[debug] [2026-08-01T06:40:09.880Z] <<< [apiv2][status] PUT https://storage.googleapis.com/gcf-v2-uploads-256498427070.us-central1.cloudfunctions.appspot.com/634eb355-262d-4db8-ab46-19f8ce8c592e.zip 200
[debug] [2026-08-01T06:40:09.880Z] <<< [apiv2][body] PUT https://storage.googleapis.com/gcf-v2-uploads-256498427070.us-central1.cloudfunctions.appspot.com/634eb355-262d-4db8-ab46-19f8ce8c592e.zip [omitted]
[info] ✔  functions: firebase/functions source uploaded successfully 
[info] i  functions: updating Node.js 20 (2nd Gen) function geocodeAddress(us-central1)... 
[debug] [2026-08-01T06:40:09.888Z] Checked if tokens are valid: true, expires at: 1785569965329
[debug] [2026-08-01T06:40:09.888Z] Checked if tokens are valid: true, expires at: 1785569965329
[debug] [2026-08-01T06:40:09.889Z] >>> [apiv2][query] PATCH https://cloudfunctions.googleapis.com/v2/projects/silver-crown-app/locations/us-central1/functions/geocodeAddress updateMask=name%2CbuildConfig.runtime%2CbuildConfig.entryPoint%2CbuildConfig.source.storageSource.bucket%2CbuildConfig.source.storageSource.object%2CbuildConfig.environmentVariables%2CbuildConfig.sourceToken%2CserviceConfig.environmentVariables%2CserviceConfig.ingressSettings%2CserviceConfig.timeoutSeconds%2CserviceConfig.serviceAccountEmail%2CserviceConfig.availableMemory%2CserviceConfig.minInstanceCount%2CserviceConfig.maxInstanceCount%2CserviceConfig.maxInstanceRequestConcurrency%2CserviceConfig.availableCpu%2CserviceConfig.vpcConnector%2CserviceConfig.vpcConnectorEgressSettings%2CserviceConfig.directVpcNetworkInterface%2CserviceConfig.directVpcEgress%2Clabels
[debug] [2026-08-01T06:40:09.889Z] >>> [apiv2][body] PATCH https://cloudfunctions.googleapis.com/v2/projects/silver-crown-app/locations/us-central1/functions/geocodeAddress {"name":"projects/silver-crown-app/locations/us-central1/functions/geocodeAddress","buildConfig":{"runtime":"nodejs20","entryPoint":"geocodeAddress","source":{"storageSource":{"bucket":"gcf-v2-uploads-256498427070.us-central1.cloudfunctions.appspot.com","object":"634eb355-262d-4db8-ab46-19f8ce8c592e.zip"}},"environmentVariables":{"GOOGLE_NODE_RUN_SCRIPTS":""}},"serviceConfig":{"environmentVariables":{"FIREBASE_CONFIG":"{\"projectId\":\"silver-crown-app\",\"storageBucket\":\"silver-crown-app.firebasestorage.app\"}","GCLOUD_PROJECT":"silver-crown-app","EVENTARC_CLOUD_EVENT_SOURCE":"projects/silver-crown-app/locations/us-central1/services/geocodeAddress","FUNCTION_TARGET":"geocodeAddress","LOG_EXECUTION_ID":"true","FUNCTION_SIGNATURE_TYPE":"http"},"ingressSettings":null,"timeoutSeconds":null,"serviceAccountEmail":null,"availableMemory":"256Mi","minInstanceCount":null,"maxInstanceCount":10,"maxInstanceRequestConcurrency":80,"availableCpu":"1","vpcConnector":null,"vpcConnectorEgressSettings":null,"directVpcNetworkInterface":null,"directVpcEgress":null},"labels":{"deployment-tool":"cli-firebase","deployment-callable":"true","firebase-functions-hash":"30567def6f28c1a063d833e57da078ad1569ff1b"}}
[debug] [2026-08-01T06:40:11.212Z] <<< [apiv2][status] PATCH https://cloudfunctions.googleapis.com/v2/projects/silver-crown-app/locations/us-central1/functions/geocodeAddress 200
[debug] [2026-08-01T06:40:11.213Z] <<< [apiv2][body] PATCH https://cloudfunctions.googleapis.com/v2/projects/silver-crown-app/locations/us-central1/functions/geocodeAddress {"name":"projects/silver-crown-app/locations/us-central1/operations/operation-1785566410203-657f6939a6348-3897107c-cfc8467e","metadata":{"@type":"type.googleapis.com/google.cloud.functions.v2.OperationMetadata","createTime":"2026-08-01T06:40:11.206706472Z","target":"projects/silver-crown-app/locations/us-central1/functions/geocodeAddress","verb":"update","cancelRequested":false,"apiVersion":"v2"},"done":false}
[debug] [2026-08-01T06:40:11.213Z] Checked if tokens are valid: true, expires at: 1785569965329
[debug] [2026-08-01T06:40:11.214Z] Checked if tokens are valid: true, expires at: 1785569965329
[debug] [2026-08-01T06:40:11.214Z] >>> [apiv2][query] GET https://cloudfunctions.googleapis.com/v2/projects/silver-crown-app/locations/us-central1/operations/operation-1785566410203-657f6939a6348-3897107c-cfc8467e [none]
[debug] [2026-08-01T06:40:11.492Z] <<< [apiv2][status] GET https://cloudfunctions.googleapis.com/v2/projects/silver-crown-app/locations/us-central1/operations/operation-1785566410203-657f6939a6348-3897107c-cfc8467e 200
[debug] [2026-08-01T06:40:11.492Z] <<< [apiv2][body] GET https://cloudfunctions.googleapis.com/v2/projects/silver-crown-app/locations/us-central1/operations/operation-1785566410203-657f6939a6348-3897107c-cfc8467e {"name":"projects/silver-crown-app/locations/us-central1/operations/operation-1785566410203-657f6939a6348-3897107c-cfc8467e","metadata":{"@type":"type.googleapis.com/google.cloud.functions.v2.OperationMetadata","createTime":"2026-08-01T06:40:11.206706472Z","target":"projects/silver-crown-app/locations/us-central1/functions/geocodeAddress","verb":"update","cancelRequested":false,"apiVersion":"v2","requestResource":{"@type":"type.googleapis.com/google.cloud.functions.v2.Function","name":"projects/silver-crown-app/locations/us-central1/functions/geocodeAddress","buildConfig":{"runtime":"nodejs20","entryPoint":"geocodeAddress","source":{"storageSource":{"bucket":"gcf-v2-sources-256498427070-us-central1","object":"geocodeAddress/function-source.zip","generation":"1785566411132674"}},"environmentVariables":{"GOOGLE_NODE_RUN_SCRIPTS":""},"dockerRepository":"projects/silver-crown-app/locations/us-central1/repositories/gcf-artifacts","sourceProvenance":{"resolvedStorageSource":{"bucket":"gcf-v2-sources-256498427070-us-central1","object":"geocodeAddress/function-source.zip","generation":"1785206525033087"}},"dockerRegistry":"ARTIFACT_REGISTRY","serviceAccount":"projects/silver-crown-app/serviceAccounts/256498427070-compute@developer.gserviceaccount.com","automaticUpdatePolicy":{}},"serviceConfig":{"service":"projects/silver-crown-app/locations/us-central1/services/geocodeaddress","timeoutSeconds":60,"environmentVariables":{"FIREBASE_CONFIG":"{\"projectId\":\"silver-crown-app\",\"storageBucket\":\"silver-crown-app.firebasestorage.app\"}","GCLOUD_PROJECT":"silver-crown-app","EVENTARC_CLOUD_EVENT_SOURCE":"projects/silver-crown-app/locations/us-central1/services/geocodeAddress","FUNCTION_TARGET":"geocodeAddress","LOG_EXECUTION_ID":"true","FUNCTION_SIGNATURE_TYPE":"http"},"maxInstanceCount":10,"ingressSettings":"ALLOW_ALL","uri":"https://geocodeaddress-zv52bqj2ja-uc.a.run.app","serviceAccountEmail":"256498427070-compute@developer.gserviceaccount.com","availableMemory":"256Mi","allTrafficOnLatestRevision":true,"revision":"geocodeaddress-00011-cuv","maxInstanceRequestConcurrency":80,"availableCpu":"1"},"state":"ACTIVE","labels":{"deployment-tool":"cli-firebase","deployment-callable":"true","firebase-functions-hash":"30567def6f28c1a063d833e57da078ad1569ff1b"},"environment":"GEN_2","url":"https://us-central1-silver-crown-app.cloudfunctions.net/geocodeAddress","satisfiesPzi":true},"stages":[{"name":"BUILD","state":"NOT_STARTED","stateMessages":[{"severity":"WARNING","type":"BuildAnalysisWarning","message":"Node.js 20 is no longer supported by the Node.js community as of 30 April, 2026. Node.js 20 will be decommissioned on 2026-10-30. As of 2026-10-30 you will no longer be able to deploy your Cloud Functions using nodejs20. We recommend you to upgrade to the latest version of Node.js as soon as possible."}]},{"name":"SERVICE","state":"NOT_STARTED"}],"operationType":"UPDATE_FUNCTION"},"done":false}
[debug] [2026-08-01T06:40:11.993Z] [update-default-us-central1-geocodeAddress] Retrying task index 0
[debug] [2026-08-01T06:40:11.994Z] Checked if tokens are valid: true, expires at: 1785569965329
[debug] [2026-08-01T06:40:11.994Z] Checked if tokens are valid: true, expires at: 1785569965329
[debug] [2026-08-01T06:40:11.994Z] >>> [apiv2][query] GET https://cloudfunctions.googleapis.com/v2/projects/silver-crown-app/locations/us-central1/operations/operation-1785566410203-657f6939a6348-3897107c-cfc8467e [none]
[debug] [2026-08-01T06:40:12.263Z] <<< [apiv2][status] GET https://cloudfunctions.googleapis.com/v2/projects/silver-crown-app/locations/us-central1/operations/operation-1785566410203-657f6939a6348-3897107c-cfc8467e 200
[debug] [2026-08-01T06:40:12.263Z] <<< [apiv2][body] GET https://cloudfunctions.googleapis.com/v2/projects/silver-crown-app/locations/us-central1/operations/operation-1785566410203-657f6939a6348-3897107c-cfc8467e {"name":"projects/silver-crown-app/locations/us-central1/operations/operation-1785566410203-657f6939a6348-3897107c-cfc8467e","metadata":{"@type":"type.googleapis.com/google.cloud.functions.v2.OperationMetadata","createTime":"2026-08-01T06:40:11.206706472Z","target":"projects/silver-crown-app/locations/us-central1/functions/geocodeAddress","verb":"update","cancelRequested":false,"apiVersion":"v2","requestResource":{"@type":"type.googleapis.com/google.cloud.functions.v2.Function","name":"projects/silver-crown-app/locations/us-central1/functions/geocodeAddress","buildConfig":{"runtime":"nodejs20","entryPoint":"geocodeAddress","source":{"storageSource":{"bucket":"gcf-v2-sources-256498427070-us-central1","object":"geocodeAddress/function-source.zip","generation":"1785566411132674"}},"environmentVariables":{"GOOGLE_NODE_RUN_SCRIPTS":""},"dockerRepository":"projects/silver-crown-app/locations/us-central1/repositories/gcf-artifacts","sourceProvenance":{"resolvedStorageSource":{"bucket":"gcf-v2-sources-256498427070-us-central1","object":"geocodeAddress/function-source.zip","generation":"1785206525033087"}},"dockerRegistry":"ARTIFACT_REGISTRY","serviceAccount":"projects/silver-crown-app/serviceAccounts/256498427070-compute@developer.gserviceaccount.com","automaticUpdatePolicy":{}},"serviceConfig":{"service":"projects/silver-crown-app/locations/us-central1/services/geocodeaddress","timeoutSeconds":60,"environmentVariables":{"FIREBASE_CONFIG":"{\"projectId\":\"silver-crown-app\",\"storageBucket\":\"silver-crown-app.firebasestorage.app\"}","GCLOUD_PROJECT":"silver-crown-app","EVENTARC_CLOUD_EVENT_SOURCE":"projects/silver-crown-app/locations/us-central1/services/geocodeAddress","FUNCTION_TARGET":"geocodeAddress","LOG_EXECUTION_ID":"true","FUNCTION_SIGNATURE_TYPE":"http"},"maxInstanceCount":10,"ingressSettings":"ALLOW_ALL","uri":"https://geocodeaddress-zv52bqj2ja-uc.a.run.app","serviceAccountEmail":"256498427070-compute@developer.gserviceaccount.com","availableMemory":"256Mi","allTrafficOnLatestRevision":true,"revision":"geocodeaddress-00011-cuv","maxInstanceRequestConcurrency":80,"availableCpu":"1"},"state":"ACTIVE","labels":{"deployment-tool":"cli-firebase","deployment-callable":"true","firebase-functions-hash":"30567def6f28c1a063d833e57da078ad1569ff1b"},"environment":"GEN_2","url":"https://us-central1-silver-crown-app.cloudfunctions.net/geocodeAddress","satisfiesPzi":true},"stages":[{"name":"BUILD","message":"Build in progress","state":"IN_PROGRESS","resource":"projects/256498427070/locations/us-central1/builds/c7127bca-6a1f-4ef3-8b54-9d6924ac4258","resourceUri":"https://console.cloud.google.com/cloud-build/builds;region=us-central1/c7127bca-6a1f-4ef3-8b54-9d6924ac4258?project=256498427070"},{"name":"SERVICE","state":"NOT_STARTED"}],"operationType":"UPDATE_FUNCTION","buildName":"projects/256498427070/locations/us-central1/builds/c7127bca-6a1f-4ef3-8b54-9d6924ac4258"},"done":false}
[debug] [2026-08-01T06:40:13.265Z] [update-default-us-central1-geocodeAddress] Retrying task index 0
[debug] [2026-08-01T06:40:13.266Z] Checked if tokens are valid: true, expires at: 1785569965329
[debug] [2026-08-01T06:40:13.266Z] Checked if tokens are valid: true, expires at: 1785569965329
[debug] [2026-08-01T06:40:13.267Z] >>> [apiv2][query] GET https://cloudfunctions.googleapis.com/v2/projects/silver-crown-app/locations/us-central1/operations/operation-1785566410203-657f6939a6348-3897107c-cfc8467e [none]
[debug] [2026-08-01T06:40:13.441Z] <<< [apiv2][status] GET https://cloudfunctions.googleapis.com/v2/projects/silver-crown-app/locations/us-central1/operations/operation-1785566410203-657f6939a6348-3897107c-cfc8467e 200
[debug] [2026-08-01T06:40:13.441Z] <<< [apiv2][body] GET https://cloudfunctions.googleapis.com/v2/projects/silver-crown-app/locations/us-central1/operations/operation-1785566410203-657f6939a6348-3897107c-cfc8467e {"name":"projects/silver-crown-app/locations/us-central1/operations/operation-1785566410203-657f6939a6348-3897107c-cfc8467e","metadata":{"@type":"type.googleapis.com/google.cloud.functions.v2.OperationMetadata","createTime":"2026-08-01T06:40:11.206706472Z","target":"projects/silver-crown-app/locations/us-central1/functions/geocodeAddress","verb":"update","cancelRequested":false,"apiVersion":"v2","requestResource":{"@type":"type.googleapis.com/google.cloud.functions.v2.Function","name":"projects/silver-crown-app/locations/us-central1/functions/geocodeAddress","buildConfig":{"runtime":"nodejs20","entryPoint":"geocodeAddress","source":{"storageSource":{"bucket":"gcf-v2-sources-256498427070-us-central1","object":"geocodeAddress/function-source.zip","generation":"1785566411132674"}},"environmentVariables":{"GOOGLE_NODE_RUN_SCRIPTS":""},"dockerRepository":"projects/silver-crown-app/locations/us-central1/repositories/gcf-artifacts","sourceProvenance":{"resolvedStorageSource":{"bucket":"gcf-v2-sources-256498427070-us-central1","object":"geocodeAddress/function-source.zip","generation":"1785206525033087"}},"dockerRegistry":"ARTIFACT_REGISTRY","serviceAccount":"projects/silver-crown-app/serviceAccounts/256498427070-compute@developer.gserviceaccount.com","automaticUpdatePolicy":{}},"serviceConfig":{"service":"projects/silver-crown-app/locations/us-central1/services/geocodeaddress","timeoutSeconds":60,"environmentVariables":{"FIREBASE_CONFIG":"{\"projectId\":\"silver-crown-app\",\"storageBucket\":\"silver-crown-app.firebasestorage.app\"}","GCLOUD_PROJECT":"silver-crown-app","EVENTARC_CLOUD_EVENT_SOURCE":"projects/silver-crown-app/locations/us-central1/services/geocodeAddress","FUNCTION_TARGET":"geocodeAddress","LOG_EXECUTION_ID":"true","FUNCTION_SIGNATURE_TYPE":"http"},"maxInstanceCount":10,"ingressSettings":"ALLOW_ALL","uri":"https://geocodeaddress-zv52bqj2ja-uc.a.run.app","serviceAccountEmail":"256498427070-compute@developer.gserviceaccount.com","availableMemory":"256Mi","allTrafficOnLatestRevision":true,"revision":"geocodeaddress-00011-cuv","maxInstanceRequestConcurrency":80,"availableCpu":"1"},"state":"ACTIVE","labels":{"deployment-tool":"cli-firebase","deployment-callable":"true","firebase-functions-hash":"30567def6f28c1a063d833e57da078ad1569ff1b"},"environment":"GEN_2","url":"https://us-central1-silver-crown-app.cloudfunctions.net/geocodeAddress","satisfiesPzi":true},"stages":[{"name":"BUILD","message":"Build in progress","state":"IN_PROGRESS","resource":"projects/256498427070/locations/us-central1/builds/c7127bca-6a1f-4ef3-8b54-9d6924ac4258","resourceUri":"https://console.cloud.google.com/cloud-build/builds;region=us-central1/c7127bca-6a1f-4ef3-8b54-9d6924ac4258?project=256498427070"},{"name":"SERVICE","state":"NOT_STARTED"}],"operationType":"UPDATE_FUNCTION","buildName":"projects/256498427070/locations/us-central1/builds/c7127bca-6a1f-4ef3-8b54-9d6924ac4258"},"done":false}
[debug] [2026-08-01T06:40:15.443Z] [update-default-us-central1-geocodeAddress] Retrying task index 0
[debug] [2026-08-01T06:40:15.444Z] Checked if tokens are valid: true, expires at: 1785569965329
[debug] [2026-08-01T06:40:15.445Z] Checked if tokens are valid: true, expires at: 1785569965329
[debug] [2026-08-01T06:40:15.445Z] >>> [apiv2][query] GET https://cloudfunctions.googleapis.com/v2/projects/silver-crown-app/locations/us-central1/operations/operation-1785566410203-657f6939a6348-3897107c-cfc8467e [none]
[debug] [2026-08-01T06:40:15.689Z] <<< [apiv2][status] GET https://cloudfunctions.googleapis.com/v2/projects/silver-crown-app/locations/us-central1/operations/operation-1785566410203-657f6939a6348-3897107c-cfc8467e 200
[debug] [2026-08-01T06:40:15.689Z] <<< [apiv2][body] GET https://cloudfunctions.googleapis.com/v2/projects/silver-crown-app/locations/us-central1/operations/operation-1785566410203-657f6939a6348-3897107c-cfc8467e {"name":"projects/silver-crown-app/locations/us-central1/operations/operation-1785566410203-657f6939a6348-3897107c-cfc8467e","metadata":{"@type":"type.googleapis.com/google.cloud.functions.v2.OperationMetadata","createTime":"2026-08-01T06:40:11.206706472Z","target":"projects/silver-crown-app/locations/us-central1/functions/geocodeAddress","verb":"update","cancelRequested":false,"apiVersion":"v2","requestResource":{"@type":"type.googleapis.com/google.cloud.functions.v2.Function","name":"projects/silver-crown-app/locations/us-central1/functions/geocodeAddress","buildConfig":{"runtime":"nodejs20","entryPoint":"geocodeAddress","source":{"storageSource":{"bucket":"gcf-v2-sources-256498427070-us-central1","object":"geocodeAddress/function-source.zip","generation":"1785566411132674"}},"environmentVariables":{"GOOGLE_NODE_RUN_SCRIPTS":""},"dockerRepository":"projects/silver-crown-app/locations/us-central1/repositories/gcf-artifacts","sourceProvenance":{"resolvedStorageSource":{"bucket":"gcf-v2-sources-256498427070-us-central1","object":"geocodeAddress/function-source.zip","generation":"1785206525033087"}},"dockerRegistry":"ARTIFACT_REGISTRY","serviceAccount":"projects/silver-crown-app/serviceAccounts/256498427070-compute@developer.gserviceaccount.com","automaticUpdatePolicy":{}},"serviceConfig":{"service":"projects/silver-crown-app/locations/us-central1/services/geocodeaddress","timeoutSeconds":60,"environmentVariables":{"FIREBASE_CONFIG":"{\"projectId\":\"silver-crown-app\",\"storageBucket\":\"silver-crown-app.firebasestorage.app\"}","GCLOUD_PROJECT":"silver-crown-app","EVENTARC_CLOUD_EVENT_SOURCE":"projects/silver-crown-app/locations/us-central1/services/geocodeAddress","FUNCTION_TARGET":"geocodeAddress","LOG_EXECUTION_ID":"true","FUNCTION_SIGNATURE_TYPE":"http"},"maxInstanceCount":10,"ingressSettings":"ALLOW_ALL","uri":"https://geocodeaddress-zv52bqj2ja-uc.a.run.app","serviceAccountEmail":"256498427070-compute@developer.gserviceaccount.com","availableMemory":"256Mi","allTrafficOnLatestRevision":true,"revision":"geocodeaddress-00011-cuv","maxInstanceRequestConcurrency":80,"availableCpu":"1"},"state":"ACTIVE","labels":{"deployment-tool":"cli-firebase","deployment-callable":"true","firebase-functions-hash":"30567def6f28c1a063d833e57da078ad1569ff1b"},"environment":"GEN_2","url":"https://us-central1-silver-crown-app.cloudfunctions.net/geocodeAddress","satisfiesPzi":true},"stages":[{"name":"BUILD","message":"Build in progress","state":"IN_PROGRESS","resource":"projects/256498427070/locations/us-central1/builds/c7127bca-6a1f-4ef3-8b54-9d6924ac4258","resourceUri":"https://console.cloud.google.com/cloud-build/builds;region=us-central1/c7127bca-6a1f-4ef3-8b54-9d6924ac4258?project=256498427070"},{"name":"SERVICE","state":"NOT_STARTED"}],"operationType":"UPDATE_FUNCTION","buildName":"projects/256498427070/locations/us-central1/builds/c7127bca-6a1f-4ef3-8b54-9d6924ac4258"},"done":false}
[debug] [2026-08-01T06:40:19.691Z] [update-default-us-central1-geocodeAddress] Retrying task index 0
[debug] [2026-08-01T06:40:19.693Z] Checked if tokens are valid: true, expires at: 1785569965329
[debug] [2026-08-01T06:40:19.693Z] Checked if tokens are valid: true, expires at: 1785569965329
[debug] [2026-08-01T06:40:19.693Z] >>> [apiv2][query] GET https://cloudfunctions.googleapis.com/v2/projects/silver-crown-app/locations/us-central1/operations/operation-1785566410203-657f6939a6348-3897107c-cfc8467e [none]
[debug] [2026-08-01T06:40:20.360Z] <<< [apiv2][status] GET https://cloudfunctions.googleapis.com/v2/projects/silver-crown-app/locations/us-central1/operations/operation-1785566410203-657f6939a6348-3897107c-cfc8467e 200
[debug] [2026-08-01T06:40:20.360Z] <<< [apiv2][body] GET https://cloudfunctions.googleapis.com/v2/projects/silver-crown-app/locations/us-central1/operations/operation-1785566410203-657f6939a6348-3897107c-cfc8467e {"name":"projects/silver-crown-app/locations/us-central1/operations/operation-1785566410203-657f6939a6348-3897107c-cfc8467e","metadata":{"@type":"type.googleapis.com/google.cloud.functions.v2.OperationMetadata","createTime":"2026-08-01T06:40:11.206706472Z","target":"projects/silver-crown-app/locations/us-central1/functions/geocodeAddress","verb":"update","cancelRequested":false,"apiVersion":"v2","requestResource":{"@type":"type.googleapis.com/google.cloud.functions.v2.Function","name":"projects/silver-crown-app/locations/us-central1/functions/geocodeAddress","buildConfig":{"runtime":"nodejs20","entryPoint":"geocodeAddress","source":{"storageSource":{"bucket":"gcf-v2-sources-256498427070-us-central1","object":"geocodeAddress/function-source.zip","generation":"1785566411132674"}},"environmentVariables":{"GOOGLE_NODE_RUN_SCRIPTS":""},"dockerRepository":"projects/silver-crown-app/locations/us-central1/repositories/gcf-artifacts","sourceProvenance":{"resolvedStorageSource":{"bucket":"gcf-v2-sources-256498427070-us-central1","object":"geocodeAddress/function-source.zip","generation":"1785206525033087"}},"dockerRegistry":"ARTIFACT_REGISTRY","serviceAccount":"projects/silver-crown-app/serviceAccounts/256498427070-compute@developer.gserviceaccount.com","automaticUpdatePolicy":{}},"serviceConfig":{"service":"projects/silver-crown-app/locations/us-central1/services/geocodeaddress","timeoutSeconds":60,"environmentVariables":{"FIREBASE_CONFIG":"{\"projectId\":\"silver-crown-app\",\"storageBucket\":\"silver-crown-app.firebasestorage.app\"}","GCLOUD_PROJECT":"silver-crown-app","EVENTARC_CLOUD_EVENT_SOURCE":"projects/silver-crown-app/locations/us-central1/services/geocodeAddress","FUNCTION_TARGET":"geocodeAddress","LOG_EXECUTION_ID":"true","FUNCTION_SIGNATURE_TYPE":"http"},"maxInstanceCount":10,"ingressSettings":"ALLOW_ALL","uri":"https://geocodeaddress-zv52bqj2ja-uc.a.run.app","serviceAccountEmail":"256498427070-compute@developer.gserviceaccount.com","availableMemory":"256Mi","allTrafficOnLatestRevision":true,"revision":"geocodeaddress-00011-cuv","maxInstanceRequestConcurrency":80,"availableCpu":"1"},"state":"ACTIVE","labels":{"deployment-tool":"cli-firebase","deployment-callable":"true","firebase-functions-hash":"30567def6f28c1a063d833e57da078ad1569ff1b"},"environment":"GEN_2","url":"https://us-central1-silver-crown-app.cloudfunctions.net/geocodeAddress","satisfiesPzi":true},"stages":[{"name":"BUILD","message":"Build in progress","state":"IN_PROGRESS","resource":"projects/256498427070/locations/us-central1/builds/c7127bca-6a1f-4ef3-8b54-9d6924ac4258","resourceUri":"https://console.cloud.google.com/cloud-build/builds;region=us-central1/c7127bca-6a1f-4ef3-8b54-9d6924ac4258?project=256498427070"},{"name":"SERVICE","state":"NOT_STARTED"}],"operationType":"UPDATE_FUNCTION","buildName":"projects/256498427070/locations/us-central1/builds/c7127bca-6a1f-4ef3-8b54-9d6924ac4258"},"done":false}
